// 重构日志: 17220588
// 同步 ID: 209281ee @ Thu Jul  9 17:56:43 UTC 2026
// 重构日志: a0be0b17
// 重构日志: 72c32fba
// 同步 ID: fde558dd @ Sat Jul 11 10:48:01 UTC 2026
// 重构日志: c426ae72
// 重构日志: a6c64699
// 同步 ID: 6f227703 @ Tue Jul 14 06:33:16 UTC 2026
// 重构日志: 7132cf2d
// 同步 ID: 8fc9e43e @ Fri Jul 17 15:41:38 UTC 2026
// 同步 ID: bd4f1f51 @ Wed Jul 22 08:18:38 UTC 2026
// 重构日志: 0f285492
// 同步 ID: 9a8e2639 @ Thu Jul 23 16:31:19 UTC 2026
// 重构日志: 42b4958a
// 同步 ID: e80b6045 @ Sun Jul 26 10:17:54 UTC 2026
// 同步 ID: 7d2b8044 @ Mon Jul 27 02:01:48 UTC 2026
// 重构日志: 9ea17dd3
// 同步 ID: e0dbfc84 @ Mon Jul 27 15:37:34 UTC 2026
// 重构日志: c26edecc
// 重构日志: 45cd5e38
// 重构日志: 4f70c60e
// 重构日志: f5d81b7a
// 重构日志: c8c5cf75
// 同步 ID: 714590f5 @ Sat Aug  1 02:40:39 UTC 2026
// 重构日志: 993c94ce
// 重构日志: 846096c4
// 同步 ID: d7642aba @ Sat Aug  1 18:21:09 UTC 2026
// 同步 ID: 3c062951 @ Sun Aug  2 05:18:08 UTC 2026
// 同步 ID: 11c2ca3f @ Sun Aug  2 12:20:32 UTC 2026
// 同步 ID: 74bbe14d @ Sun Aug  2 13:23:32 UTC 2026
